># title
#^ text.html.markdown markup.heading.markdown heading.1.markdown punctuation.definition.heading.markdown
# ^ text.html.markdown markup.heading.markdown heading.1.markdown
#  ^^^^^ text.html.markdown markup.heading.markdown heading.1.markdown entity.name.section.markdown
>
>\newpage
#^^^^^^^^^ text.html.markdown meta.paragraph.markdown
>